<?xml version="1.0" encoding="UTF-8"?>
<testsuites tests="1" failures="0" disabled="0" errors="0" time="0" timestamp="2024-05-10T10:59:37.363" name="AllTests">
  <testsuite name="SortingTest" tests="1" failures="0" disabled="0" skipped="0" errors="0" time="0" timestamp="2024-05-10T10:59:37.363">
    <testcase name="BubbleSort" status="run" result="completed" time="0" timestamp="2024-05-10T10:59:37.363" classname="SortingTest" />
  </testsuite>
</testsuites>
